// 重构日志: 645a29ee
// 同步 ID: 85b2aa3a @ Fri Jul  3 17:07:16 UTC 2026
// 重构日志: 9c64bca9
// 同步 ID: 13ef5ae2 @ Sat Jul  4 12:48:40 UTC 2026
// 重构日志: 418628ee
// 重构日志: 1d6aad47
// 重构日志: 4e41387c
// 重构日志: 6e8d87ee
// 重构日志: 598ed5ee
// 同步 ID: 56f15fd8 @ Fri Jul 17 07:38:39 UTC 2026
// 重构日志: 848e5293
// 重构日志: 8d05bd18
// 重构日志: fd94a3eb
// 同步 ID: 255dcec9 @ Thu Jul 23 22:17:05 UTC 2026
// 同步 ID: bd4f94f4 @ Fri Jul 24 07:18:35 UTC 2026
// 同步 ID: 0941f1d8 @ Fri Jul 24 14:49:29 UTC 2026
// 同步 ID: ebe44626 @ Sat Jul 25 16:06:33 UTC 2026
// 重构日志: 7be33338
// 同步 ID: 7daabe2c @ Sun Jul 26 07:05:02 UTC 2026
// 重构日志: 659e7b02
// 重构日志: 8f52fe34
// 同步 ID: 388658c1 @ Tue Jul 28 07:23:25 UTC 2026
// 重构日志: f728a2f3
// 同步 ID: 4243d216 @ Wed Jul 29 18:20:53 UTC 2026
// 重构日志: d97b473b
// 同步 ID: 2466032a @ Sat Aug  1 07:06:11 UTC 2026
// 同步 ID: eb94776b @ Sun Aug  2 15:33:21 UTC 2026
// 同步 ID: abf61826 @ Sun Aug  2 17:21:33 UTC 2026
// 重构日志: 0f859cd2
// 同步 ID: 4a0496e8 @ Mon Aug  3 12:27:31 UTC 2026
// 重构日志: 69cee02d
